C51 COMPILER V9.59.0.0   REGISTERS                                                         10/14/2018 21:16:36 PAGE 1   


C51 COMPILER V9.59.0.0, COMPILATION OF MODULE REGISTERS
OBJECT MODULE PLACED IN .\Objects\Registers.obj
COMPILER INVOKED BY: C:\Keil_v5\C51\BIN\C51.EXE Registers.c OPTIMIZE(8,SPEED) BROWSE DEBUG OBJECTEXTEND PRINT(.\Listings
                    -\Registers.lst) TABS(2) OBJECT(.\Objects\Registers.obj)

line level    source

   1          // Matt Rienzo, Registers.c 9/28/2018
   2          // Last modified 9/28/2018
   3          
   4          // Don't let the decimal numbers fool you.
   5          //   These are absolute register addresses.
   6          #define aa0 0
   7          #define aa1 1
   8          #define aa2 2
   9          #define aa3 3
  10          #define aa4 4
  11          #define aa5 5
  12          #define aa6 6
  13          #define aa7 7
  14          #define ab0 8
  15          #define ab1 9
  16          #define ab2 10
  17          #define ab3 11
  18          #define ab4 12
  19          #define ab5 13
  20          #define ab6 14
  21          #define ab7 15
  22          #define ac0 16
  23          #define ac1 17
  24          #define ac2 18
  25          #define ac3 19
  26          #define ac4 20
  27          #define ac5 21
  28          #define ac6 22
  29          #define ac7 23
  30          
  31          //-- SFRs
  32          #define aacc  0xe0
  33          #define apsw  0xd0
  34          #define abcc  0xf0
  35          #define asp  0x81
  36          
  37          //-- Special SFRs (lol)
  38          #define as0 0x18
  39          #define as1 0x19
  40          #define as2 0x1a
  41          #define as3 0x1b
  42          #define as4 0x1c
  43          #define as5 0x1d
  44          #define as6 0x1e
  45          #define as7 0x1f
  46          
  47          // Short stack address "register" and short stack size "register"
  48          #define ass 0x20
  49          #define assz  0x21
  50          #define amsz  0x22
  51          
  52          // Thread available registers
  53          // bank 0
  54          unsigned char* a0 = (unsigned char*)aa0;
C51 COMPILER V9.59.0.0   REGISTERS                                                         10/14/2018 21:16:36 PAGE 2   

  55          unsigned char* a1 = (unsigned char*)aa1;
  56          unsigned char* a2 = (unsigned char*)aa2;
  57          unsigned char* a3 = (unsigned char*)aa3;
  58          unsigned char* a4 = (unsigned char*)aa4;
  59          unsigned char* a5 = (unsigned char*)aa5;
  60          unsigned char* a6 = (unsigned char*)aa6;
  61          unsigned char* a7 = (unsigned char*)aa7;
  62          
  63          // Thread descriptor registers
  64          // bank 1
  65          unsigned char* trid = (unsigned char*)ab0;
  66          unsigned char* trps = (unsigned char*)ab1;
  67          unsigned char* trml = (unsigned char*)ab2;
  68          unsigned char* tseg = (unsigned char*)ab3;
  69          unsigned char* trpp = (unsigned char*)ab4;
  70          unsigned char* tsup = (unsigned char*)ab5;
  71          unsigned char* trms = (unsigned char*)ab6;
  72          unsigned char* trsv = (unsigned char*)ab7;
  73          
  74          // R51 (Rienzo's 8051) asynchronous software thread engine state registers
  75          // bank 2
  76          unsigned char* ra0 = (unsigned char*)ac0;
  77          unsigned char* ra1 = (unsigned char*)ac1;
  78          unsigned char* bte = (unsigned char*)ac2;
  79          unsigned char* btm = (unsigned char*)ac3;
  80          unsigned char* nic = (unsigned char*)ac4;
  81          unsigned char* bts = (unsigned char*)ac5;
  82          unsigned char* ntsd = (unsigned char*)ac6;
  83          unsigned char* ntsm = (unsigned char*)ac7;
  84          // bank 3
  85          unsigned char* rs0 = (unsigned char*)as0;
  86          unsigned char* rs1 = (unsigned char*)as1;
  87          unsigned char* rs2 = (unsigned char*)as2;
  88          unsigned char* rs3 = (unsigned char*)as3;
  89          unsigned char* rs4 = (unsigned char*)as4;
  90          unsigned char* rs5 = (unsigned char*)as5;
  91          unsigned char* rs6 = (unsigned char*)as6;
  92          unsigned char* rs7 = (unsigned char*)as7;
  93          
  94          // SFRs
  95          unsigned char* acc = (unsigned char*)aacc;
  96          unsigned char* psw = (unsigned char*)apsw;
  97          unsigned char* bcc = (unsigned char*)abcc;
  98          
  99          // Short stack regs
 100          unsigned char* ss = (unsigned char*)ass;
 101          unsigned char* ssz = (unsigned char*)assz;
 102          unsigned char* msz = (unsigned char*)amsz;
 103          
 104          // Stack pointer
 105          unsigned char* sp = (unsigned char*)asp;


MODULE INFORMATION:   STATIC OVERLAYABLE
   CODE SIZE        =   ----    ----
   CONSTANT SIZE    =   ----    ----
   XDATA SIZE       =   ----    ----
   PDATA SIZE       =   ----    ----
   DATA SIZE        =    117    ----
   IDATA SIZE       =   ----    ----
   BIT SIZE         =   ----    ----
END OF MODULE INFORMATION.

C51 COMPILER V9.59.0.0   REGISTERS                                                         10/14/2018 21:16:36 PAGE 3   


C51 COMPILATION COMPLETE.  0 WARNING(S),  0 ERROR(S)
